// Jest Snapshot v1, https://goo.gl/fbAQLP

exports[`components/properties/dateRange cancel set via text input 1`] = `
<div>
  <div
    class="DateRange "
  >
    <button
      class="Button    "
      type="button"
    >
      <span>
        June 15 -&gt; June 20
      </span>
    </button>
  </div>
</div>
`;

exports[`components/properties/dateRange handle clear 1`] = `
<div>
  <div
    class="DateRange "
  >
    <button
      class="Button    "
      type="button"
    >
      <span>
        June 15
      </span>
    </button>
  </div>
</div>
`;

exports[`components/properties/dateRange returns default correctly 1`] = `
<div>
  <div
    class="DateRange "
  >
    <button
      class="Button    "
      type="button"
    >
      <span>
        Empty
      </span>
    </button>
  </div>
</div>
`;

exports[`components/properties/dateRange returns local correctly - es local 1`] = `
<div>
  <div
    class="DateRange "
  >
    <button
      class="Button    "
      type="button"
    >
      <span>
        15 de junio
      </span>
    </button>
  </div>
</div>
`;

exports[`components/properties/dateRange set via text input 1`] = `
<div>
  <div
    class="DateRange "
  >
    <button
      class="Button    "
      type="button"
    >
      <span>
        June 15 -&gt; June 20
      </span>
    </button>
  </div>
</div>
`;

exports[`components/properties/dateRange set via text input, es locale 1`] = `
<div>
  <div
    class="DateRange "
  >
    <button
      class="Button    "
      type="button"
    >
      <span>
        15 de junio -&gt; 20 de junio
      </span>
    </button>
  </div>
</div>
`;
