// Jest Snapshot v1, https://goo.gl/fbAQLP

exports[`src/components/shareBoard/shareBoard should match snapshot 1`] = `
<div>
  <div
    class="ShareBoardButton"
  >
    <button
      class="Button emphasis--primary size--medium"
      title="Share board"
      type="button"
    >
      <i
        class="CompassIcon icon-globe CompassIcon"
      />
      <span>
        Share
      </span>
    </button>
  </div>
</div>
`;
