// Jest Snapshot v1, https://goo.gl/fbAQLP

exports[`components/properties/link returns link properties correctly 1`] = `
<div>
  <div
    class="URLProperty octo-propertyvalue"
  >
    <a
      class="link"
      href="https://github.com/mattermost/focalboard"
      rel="noreferrer"
      target="_blank"
    >
      https://github.com/mattermost/focalboard
    </a>
    <button
      aria-label="Edit"
      class="Button IconButton Button_Edit"
      title="Edit"
      type="button"
    >
      <i
        class="CompassIcon icon-pencil-outline EditIcon"
      />
    </button>
    <button
      aria-label="Copy"
      class="Button IconButton Button_Copy"
      title="Copy"
      type="button"
    >
      <i
        class="CompassIcon icon-content-copy content-copy"
      />
    </button>
  </div>
</div>
`;
