// Jest Snapshot v1, https://goo.gl/fbAQLP

exports[`properties/number should match snapshot for number with empty value 1`] = `
<div>
  <input
    class="Editable octo-propertyvalue"
    placeholder=""
    style="width: 100%;"
    title=""
    value=""
  />
</div>
`;
