// Jest Snapshot v1, https://goo.gl/fbAQLP

exports[`components/table/TableRows should match snapshot, fire events 1`] = `
<div>
  <div
    class="TableRow octo-table-row"
    draggable="true"
    style="opacity: 1;"
  >
    <div
      class="action-cell octo-table-cell-btn"
    >
      <div
        aria-label="menuwrapper"
        class="MenuWrapper optionsMenu"
        role="button"
      >
        <button
          aria-label="MenuBtn"
          class="IconButton"
          title="MenuBtn"
          type="button"
        >
          <i
            class="CompassIcon icon-dots-horizontal OptionsIcon"
          />
        </button>
      </div>
      <button
        class="IconButton"
        type="button"
      >
        <svg
          class="GripIcon Icon"
          viewBox="0 0 24 24"
          xmlns="http://www.w3.org/2000/svg"
        >
          <path
            d="M0 0h24v24H0V0z"
            fill="none"
          />
          <path
            d="M11 18c0 1.1-.9 2-2 2s-2-.9-2-2 .9-2 2-2 2 .9 2 2zm-2-8c-1.1 0-2 .9-2 2s.9 2 2 2 2-.9 2-2-.9-2-2-2zm0-6c-1.1 0-2 .9-2 2s.9 2 2 2 2-.9 2-2-.9-2-2-2zm6 4c1.1 0 2-.9 2-2s-.9-2-2-2-2 .9-2 2 .9 2 2 2zm0 2c-1.1 0-2 .9-2 2s.9 2 2 2 2-.9 2-2-.9-2-2-2zm0 6c-1.1 0-2 .9-2 2s.9 2 2 2 2-.9 2-2-.9-2-2-2z"
          />
        </svg>
      </button>
    </div>
    <div
      class="octo-table-cell title-cell"
      id="mainBoardHeader"
      style="width: 100px;"
    >
      <div
        class="octo-icontitle"
      >
        <div
          class="octo-icon"
        >
          i
        </div>
        <input
          class="Editable "
          placeholder="Untitled"
          spellcheck="true"
          title="title"
          value="title"
        />
      </div>
      <div
        class="open-button"
      >
        <button
          class="Button"
          type="button"
        >
          <span>
            Open
          </span>
        </button>
      </div>
    </div>
  </div>
</div>
`;
