// Jest Snapshot v1, https://goo.gl/fbAQLP

exports[`components/content/contentElement return an element 1`] = `
<div>
  <div
    class="CheckboxElement"
  >
    <input
      id="checkbox-test-id"
      type="checkbox"
      value="off"
    />
    <input
      class="Editable undefined"
      placeholder="Edit text..."
      spellcheck="true"
      title="test-title"
      value="test-title"
    />
  </div>
</div>
`;
