// Jest Snapshot v1, https://goo.gl/fbAQLP

exports[`componnets/properties/lastModifiedAt should match snapshot 1`] = `
<div>
  <div
    class="LastModifiedAt octo-propertyvalue"
  >
    Thu, Jun 10, 2021 4:22 PM
  </div>
</div>
`;
